---
source: syntax-lower/src/syntax/comparison/date_comparison.rs
expression: ast
---
Ok(
    Program {
        statements: [
            Statement {
                condition: Condition {
                    kind: Binary(
                        ComparisonCondition {
                            comparison: Comparison {
                                kind: Date(
                                    DateComparison {
                                        parameter: QuestionParameter {
                                            id: NumericLiteral {
                                                value: 123,
                                            },
                                        },
                                        value: DateLiteral {
                                            value: "\"2023-11-15\"",
                                        },
                                    },
                                ),
                            },
                        },
                    ),
                },
            },
        ],
    },
)
