---
source: parse/src/ast/mod.rs
expression: node
---
PROGRAM_NODE@0..17
  STATEMENT_NODE@0..9
    COMPARISON_CONDITION_NODE@0..8
      BINARY_COMPARISON_NODE@0..8
        QUESTION_PARAMETER_NODE@0..4
          IDENTIFIER@0..1 "Q"
          NUMERIC_LITERAL_NODE@1..4
            NUMERIC@1..4 "123"
        WHITESPACE@4..5 " "
        EQUAL_OPERATOR_NODE@5..6
          EQUAL@5..6 "="
        WHITESPACE@6..7 " "
        NUMERIC_LITERAL_NODE@7..8
          NUMERIC@7..8 "1"
    WHITESPACE@8..9 " "
  STATEMENT_NODE@9..17
    COMPARISON_CONDITION_NODE@9..17
      BINARY_COMPARISON_NODE@9..17
        QUESTION_PARAMETER_NODE@9..13
          IDENTIFIER@9..10 "Q"
          NUMERIC_LITERAL_NODE@10..13
            NUMERIC@10..13 "456"
        WHITESPACE@13..14 " "
        EQUAL_OPERATOR_NODE@14..15
          EQUAL@14..15 "="
        WHITESPACE@15..16 " "
        NUMERIC_LITERAL_NODE@16..17
          NUMERIC@16..17 "2"

